ptxas info    : 62 bytes gmem
ptxas info    : Compiling entry function '_ZN3cub17_V_300600_SM_12006detail9transform16transform_kernelINS2_26policy_selector_from_typesILb0ELb1EN4cuda3std3__45tupleIJNS5_3__417counting_iteratorIlnLi0ELi0ELi0EEEEEEN6thrust17_V_300600_SM_12006detail15normal_iteratorINSE_10device_ptrIiEEEEEElNS9_11always_trueENS9_38__callable_permitting_copied_argumentsINSE_6system6detail7generic6detail22compute_sequence_valueIiEEEEPiJSB_EEEvT0_ibT1_T2_T3_DpNS2_10kernel_argIT4_EE' for 'sm_120'
ptxas info    : Function properties for _ZN3cub17_V_300600_SM_12006detail9transform16transform_kernelINS2_26policy_selector_from_typesILb0ELb1EN4cuda3std3__45tupleIJNS5_3__417counting_iteratorIlnLi0ELi0ELi0EEEEEEN6thrust17_V_300600_SM_12006detail15normal_iteratorINSE_10device_ptrIiEEEEEElNS9_11always_trueENS9_38__callable_permitting_copied_argumentsINSE_6system6detail7generic6detail22compute_sequence_valueIiEEEEPiJSB_EEEvT0_ibT1_T2_T3_DpNS2_10kernel_argIT4_EE
    0 bytes stack frame, 0 bytes spill stores, 0 bytes spill loads
ptxas info    : Used 28 registers, used 0 barriers
ptxas info    : Compile time = 27.615 ms
ptxas info    : Compiling entry function '_ZN3cub17_V_300600_SM_12006detail8for_each13static_kernelINS2_15policy_selectorEmN6thrust17_V_300600_SM_12008cuda_cub20__uninitialized_fill7functorINS6_10device_ptrIiEEiEEEEvT0_T1_' for 'sm_120'
ptxas info    : Function properties for _ZN3cub17_V_300600_SM_12006detail8for_each13static_kernelINS2_15policy_selectorEmN6thrust17_V_300600_SM_12008cuda_cub20__uninitialized_fill7functorINS6_10device_ptrIiEEiEEEEvT0_T1_
    0 bytes stack frame, 0 bytes spill stores, 0 bytes spill loads
ptxas info    : Used 12 registers, used 0 barriers
ptxas info    : Compile time = 4.684 ms
ptxas info    : Compiling entry function '_ZN3cub17_V_300600_SM_12006detail8for_each13static_kernelINS2_15policy_selectorEmN4cuco6detail18initialize_functorImiEEEEvT0_T1_' for 'sm_120'
ptxas info    : Function properties for _ZN3cub17_V_300600_SM_12006detail8for_each13static_kernelINS2_15policy_selectorEmN4cuco6detail18initialize_functorImiEEEEvT0_T1_
    0 bytes stack frame, 0 bytes spill stores, 0 bytes spill loads
ptxas info    : Used 12 registers, used 0 barriers
ptxas info    : Compile time = 4.193 ms
ptxas info    : Compiling entry function '_ZN3cub17_V_300600_SM_12006detail11EmptyKernelIvEEvv' for 'sm_120'
ptxas info    : Function properties for _ZN3cub17_V_300600_SM_12006detail11EmptyKernelIvEEvv
    0 bytes stack frame, 0 bytes spill stores, 0 bytes spill loads
ptxas info    : Used 4 registers, used 0 barriers
ptxas info    : Compile time = 1.018 ms
ptxas info    : Compiling entry function '_ZN4cuco6detail18open_addressing_ns8retrieveILb0ELi128ELi4EN6thrust17_V_300600_SM_12006detail15normal_iteratorINS4_10device_ptrIiEEEES9_S9_N4cuda3__46atomicImLNSA_3std3__412thread_scopeE1EEENS_19static_multiset_refIiLSF_1ENSE_8equal_toIiEENS_14double_hashingILi4ENS0_9XXHash_32IiEESM_EENS_18bucket_storage_refIiLi2ENS_12valid_extentImLm18446744073709551615EEEEEJNS_2op12retrieve_tagEEEEEEvT2_lT3_T4_PT5_T6_' for 'sm_120'
ptxas info    : Function properties for _ZN4cuco6detail18open_addressing_ns8retrieveILb0ELi128ELi4EN6thrust17_V_300600_SM_12006detail15normal_iteratorINS4_10device_ptrIiEEEES9_S9_N4cuda3__46atomicImLNSA_3std3__412thread_scopeE1EEENS_19static_multiset_refIiLSF_1ENSE_8equal_toIiEENS_14double_hashingILi4ENS0_9XXHash_32IiEESM_EENS_18bucket_storage_refIiLi2ENS_12valid_extentImLm18446744073709551615EEEEEJNS_2op12retrieve_tagEEEEEEvT2_lT3_T4_PT5_T6_
    0 bytes stack frame, 0 bytes spill stores, 0 bytes spill loads
ptxas info    : Used 40 registers, used 0 barriers, 3088 bytes smem
ptxas info    : Compile time = 54.841 ms
ptxas info    : Compiling entry function '_ZN4cuco6detail18open_addressing_ns5countILb0ELi4ELi128EN6thrust17_V_300600_SM_12006detail15normal_iteratorINS4_10device_ptrIiEEEEN4cuda3__46atomicImLNSA_3std3__412thread_scopeE1EEENS_19static_multiset_refIiLSF_1ENSE_8equal_toIiEENS_14double_hashingILi4ENS0_9XXHash_32IiEESM_EENS_18bucket_storage_refIiLi2ENS_12valid_extentImLm18446744073709551615EEEEEJNS_2op9count_tagEEEEEEvT2_lPT3_T4_' for 'sm_120'
ptxas info    : Function properties for _ZN4cuco6detail18open_addressing_ns5countILb0ELi4ELi128EN6thrust17_V_300600_SM_12006detail15normal_iteratorINS4_10device_ptrIiEEEEN4cuda3__46atomicImLNSA_3std3__412thread_scopeE1EEENS_19static_multiset_refIiLSF_1ENSE_8equal_toIiEENS_14double_hashingILi4ENS0_9XXHash_32IiEESM_EENS_18bucket_storage_refIiLi2ENS_12valid_extentImLm18446744073709551615EEEEEJNS_2op9count_tagEEEEEEvT2_lPT3_T4_
    0 bytes stack frame, 0 bytes spill stores, 0 bytes spill loads
ptxas info    : Used 36 registers, used 1 barriers, 48 bytes smem
ptxas info    : Compile time = 21.764 ms
ptxas info    : Compiling entry function '_ZN4cuco6detail18open_addressing_ns11insert_if_nILi4ELi128EN6thrust17_V_300600_SM_12006detail15normal_iteratorINS4_10device_ptrIiEEEEN4cuda3__417constant_iteratorIblEENSA_3std3__48identityENS_19static_multiset_refIiLNSF_12thread_scopeE1ENSF_8equal_toIiEENS_14double_hashingILi4ENS0_9XXHash_32IiEESN_EENS_18bucket_storage_refIiLi2ENS_12valid_extentImLm18446744073709551615EEEEEJNS_2op10insert_tagEEEEEEvT1_lT2_T3_T4_' for 'sm_120'
ptxas info    : Function properties for _ZN4cuco6detail18open_addressing_ns11insert_if_nILi4ELi128EN6thrust17_V_300600_SM_12006detail15normal_iteratorINS4_10device_ptrIiEEEEN4cuda3__417constant_iteratorIblEENSA_3std3__48identityENS_19static_multiset_refIiLNSF_12thread_scopeE1ENSF_8equal_toIiEENS_14double_hashingILi4ENS0_9XXHash_32IiEESN_EENS_18bucket_storage_refIiLi2ENS_12valid_extentImLm18446744073709551615EEEEEJNS_2op10insert_tagEEEEEEvT1_lT2_T3_T4_
    8 bytes stack frame, 0 bytes spill stores, 0 bytes spill loads
ptxas info    : Used 32 registers, used 0 barriers, 8 bytes cumulative stack size
ptxas info    : Compile time = 27.808 ms
